
> frontend@0.0.0 build
> vite build

[36mvite v7.3.1 [32mbuilding client environment for production...[36m[39m
transforming...
[32mΓ£ô[39m 4 modules transformed.
node.exe : [31mΓ£ù[39m Build failed in 
49ms
At line:1 char:1
+ & "C:\Program Files\nodejs/node.exe" 
"C:\Program Files\nodejs/node_mo ...
+ ~~~~~~~~~~~~~~~~~~~~~~~~~~~~~~~~~~~~~~~~
~~~~~~~~~~~~~~~~~~~~~~~~~~~~~
    + CategoryInfo          : NotSpecifie 
   d: ([31mΓ£ù[39m Build failed in 49m  
  s:String) [], RemoteException
    + FullyQualifiedErrorId : NativeComma 
   ndError
 
[31merror during build:
[31m[vite]: Rollup failed to resolve 
import "lucide-react" from "D:/Projects/Ex
penses/frontend/src/App.jsx".
This is most likely unintended because it 
can break your application at runtime.
If you do want to externalize this module 
explicitly add it to
`build.rollupOptions.external`[31m
    at viteLog (file:///D:/Projects/Expens
es/frontend/node_modules/vite/dist/node/ch
unks/config.js:33635:57)
    at file:///D:/Projects/Expenses/fronte
nd/node_modules/vite/dist/node/chunks/conf
ig.js:33669:73
    at onwarn (file:///D:/Projects/Expense
s/frontend/node_modules/@vitejs/plugin-rea
ct/dist/index.js:76:7)
    at file:///D:/Projects/Expenses/fronte
nd/node_modules/vite/dist/node/chunks/conf
ig.js:33669:28
    at onRollupLog (file:///D:/Projects/Ex
penses/frontend/node_modules/vite/dist/nod
e/chunks/config.js:33664:63)
    at onLog (file:///D:/Projects/Expenses
/frontend/node_modules/vite/dist/node/chun
ks/config.js:33467:4)
    at file:///D:/Projects/Expenses/fronte
nd/node_modules/rollup/dist/es/shared/node
-entry.js:20981:32
    at Object.logger [as onLog] (file:///D
:/Projects/Expenses/frontend/node_modules/
rollup/dist/es/shared/node-entry.js:22968:
9)
    at 
ModuleLoader.handleInvalidResolvedId (file
:///D:/Projects/Expenses/frontend/node_mod
ules/rollup/dist/es/shared/node-entry.js:2
1712:26)
    at file:///D:/Projects/Expenses/fronte
nd/node_modules/rollup/dist/es/shared/node
-entry.js:21670:26[39m
